// Jest Snapshot v1, https://goo.gl/fbAQLP

exports[`<Player /> renders correctly 1`] = `
<div
  className="player"
  onKeyDown={[Function]}
  tabIndex="-1"
>
  <span
    className="p-pri"
  >
    list
  </span>
  <span
    className="p-sec"
  >
    play
  </span>
  <audio
    controls={true}
    id="player-audio"
  />
</div>
`;
